<html>
<body>
<pre>
<h1>µVision Build Log</h1>
<h2>Project:</h2>
C:\Users\bolko\Desktop\FreeRTOSv202012.00\FreeRTOS\Demo\ARM7_LPC2129_Keil_RVDS\RTOSDemo.uvproj
Project File Date:  04/26/2021

<h2>Output:</h2>
Rebuild target 'RTOSDemo_THUMB'
assembling Startup.s...
compiling main.c...
compiling led.c...
compiling uart.c...
C:\Keil\ARM\Inc\Philips\lpc21xx.h(198): warning:  #47-D: incompatible redefinition of macro "S0SPCR" (declared at line 179 of "C:\Keil\ARM\Inc\Philips\LPC210X.H")
C:\Keil\ARM\Inc\Philips\lpc21xx.h(200): warning:  #47-D: incompatible redefinition of macro "S0SPDR" (declared at line 181 of "C:\Keil\ARM\Inc\Philips\LPC210X.H")
compiling string.c...
compiling keyboard.c...
compiling servo.c...
compiling timer_interrupts.c...
compiling watch.c...
compiling tasks.c...
compiling list.c...
compiling queue.c...
compiling port.c...
compiling heap_2.c...
assembling portASM.s...
linking...
Program Size: Code=9312 RO-data=36 RW-data=100 ZI-data=7988  
FromELF: creating hex file...
".\bin\RTOSDemo.axf" - 0 Errors, 2 Warning(s).
Rebuild target 'RTOSDemo_THUMB'
assembling Startup.s...
compiling main.c...
compiling led.c...
compiling uart.c...
C:\Keil\ARM\Inc\Philips\lpc21xx.h(198): warning:  #47-D: incompatible redefinition of macro "S0SPCR" (declared at line 179 of "C:\Keil\ARM\Inc\Philips\LPC210X.H")
C:\Keil\ARM\Inc\Philips\lpc21xx.h(200): warning:  #47-D: incompatible redefinition of macro "S0SPDR" (declared at line 181 of "C:\Keil\ARM\Inc\Philips\LPC210X.H")
compiling string.c...
compiling keyboard.c...
compiling servo.c...
compiling timer_interrupts.c...
compiling watch.c...
compiling tasks.c...
compiling list.c...
compiling queue.c...
compiling port.c...
compiling heap_2.c...
assembling portASM.s...
linking...
Program Size: Code=9312 RO-data=36 RW-data=100 ZI-data=7988  
FromELF: creating hex file...
".\bin\RTOSDemo.axf" - 0 Errors, 2 Warning(s).
Rebuild target 'RTOSDemo_THUMB'
assembling Startup.s...
compiling main.c...
main.c(9): error:  #268: declaration may not appear after executable statement in block
compiling led.c...
compiling uart.c...
C:\Keil\ARM\Inc\Philips\lpc21xx.h(198): warning:  #47-D: incompatible redefinition of macro "S0SPCR" (declared at line 179 of "C:\Keil\ARM\Inc\Philips\LPC210X.H")
C:\Keil\ARM\Inc\Philips\lpc21xx.h(200): warning:  #47-D: incompatible redefinition of macro "S0SPDR" (declared at line 181 of "C:\Keil\ARM\Inc\Philips\LPC210X.H")
compiling string.c...
compiling keyboard.c...
compiling servo.c...
compiling timer_interrupts.c...
compiling watch.c...
compiling tasks.c...
compiling list.c...
compiling queue.c...
compiling port.c...
compiling heap_2.c...
assembling portASM.s...
".\bin\RTOSDemo.axf" - 1 Errors, 2 Warning(s).
Target not created
Rebuild target 'RTOSDemo_THUMB'
assembling Startup.s...
compiling main.c...
compiling led.c...
compiling uart.c...
C:\Keil\ARM\Inc\Philips\lpc21xx.h(198): warning:  #47-D: incompatible redefinition of macro "S0SPCR" (declared at line 179 of "C:\Keil\ARM\Inc\Philips\LPC210X.H")
C:\Keil\ARM\Inc\Philips\lpc21xx.h(200): warning:  #47-D: incompatible redefinition of macro "S0SPDR" (declared at line 181 of "C:\Keil\ARM\Inc\Philips\LPC210X.H")
compiling string.c...
compiling keyboard.c...
compiling servo.c...
compiling timer_interrupts.c...
compiling watch.c...
compiling tasks.c...
compiling list.c...
compiling queue.c...
compiling port.c...
compiling heap_2.c...
assembling portASM.s...
linking...
Program Size: Code=9320 RO-data=36 RW-data=100 ZI-data=7988  
FromELF: creating hex file...
".\bin\RTOSDemo.axf" - 0 Errors, 2 Warning(s).
Rebuild target 'RTOSDemo_THUMB'
assembling Startup.s...
compiling main.c...
compiling led.c...
compiling uart.c...
C:\Keil\ARM\Inc\Philips\lpc21xx.h(198): warning:  #47-D: incompatible redefinition of macro "S0SPCR" (declared at line 179 of "C:\Keil\ARM\Inc\Philips\LPC210X.H")
C:\Keil\ARM\Inc\Philips\lpc21xx.h(200): warning:  #47-D: incompatible redefinition of macro "S0SPDR" (declared at line 181 of "C:\Keil\ARM\Inc\Philips\LPC210X.H")
compiling string.c...
compiling keyboard.c...
compiling servo.c...
compiling timer_interrupts.c...
compiling watch.c...
compiling tasks.c...
compiling list.c...
compiling queue.c...
compiling port.c...
compiling heap_2.c...
assembling portASM.s...
linking...
Program Size: Code=9316 RO-data=36 RW-data=100 ZI-data=7988  
FromELF: creating hex file...
".\bin\RTOSDemo.axf" - 0 Errors, 2 Warning(s).
Rebuild target 'RTOSDemo_THUMB'
assembling Startup.s...
compiling main.c...
compiling led.c...
compiling uart.c...
C:\Keil\ARM\Inc\Philips\lpc21xx.h(198): warning:  #47-D: incompatible redefinition of macro "S0SPCR" (declared at line 179 of "C:\Keil\ARM\Inc\Philips\LPC210X.H")
C:\Keil\ARM\Inc\Philips\lpc21xx.h(200): warning:  #47-D: incompatible redefinition of macro "S0SPDR" (declared at line 181 of "C:\Keil\ARM\Inc\Philips\LPC210X.H")
compiling string.c...
compiling keyboard.c...
compiling servo.c...
compiling timer_interrupts.c...
compiling watch.c...
compiling tasks.c...
compiling list.c...
compiling queue.c...
compiling port.c...
compiling heap_2.c...
assembling portASM.s...
linking...
Program Size: Code=9304 RO-data=36 RW-data=100 ZI-data=7988  
FromELF: creating hex file...
".\bin\RTOSDemo.axf" - 0 Errors, 2 Warning(s).
Rebuild target 'RTOSDemo_THUMB'
assembling Startup.s...
compiling main.c...
compiling led.c...
compiling uart.c...
C:\Keil\ARM\Inc\Philips\lpc21xx.h(198): warning:  #47-D: incompatible redefinition of macro "S0SPCR" (declared at line 179 of "C:\Keil\ARM\Inc\Philips\LPC210X.H")
C:\Keil\ARM\Inc\Philips\lpc21xx.h(200): warning:  #47-D: incompatible redefinition of macro "S0SPDR" (declared at line 181 of "C:\Keil\ARM\Inc\Philips\LPC210X.H")
compiling string.c...
compiling keyboard.c...
compiling servo.c...
compiling timer_interrupts.c...
compiling watch.c...
compiling tasks.c...
compiling list.c...
compiling queue.c...
compiling port.c...
compiling heap_2.c...
assembling portASM.s...
linking...
Program Size: Code=10684 RO-data=44 RW-data=112 ZI-data=7992  
FromELF: creating hex file...
".\bin\RTOSDemo.axf" - 0 Errors, 2 Warning(s).
Rebuild target 'RTOSDemo_THUMB'
assembling Startup.s...
compiling main.c...
compiling led.c...
compiling uart.c...
C:\Keil\ARM\Inc\Philips\lpc21xx.h(198): warning:  #47-D: incompatible redefinition of macro "S0SPCR" (declared at line 179 of "C:\Keil\ARM\Inc\Philips\LPC210X.H")
C:\Keil\ARM\Inc\Philips\lpc21xx.h(200): warning:  #47-D: incompatible redefinition of macro "S0SPDR" (declared at line 181 of "C:\Keil\ARM\Inc\Philips\LPC210X.H")
compiling string.c...
compiling keyboard.c...
compiling servo.c...
compiling timer_interrupts.c...
compiling watch.c...
compiling tasks.c...
compiling list.c...
compiling queue.c...
compiling port.c...
compiling heap_2.c...
assembling portASM.s...
linking...
Program Size: Code=10692 RO-data=44 RW-data=112 ZI-data=7992  
FromELF: creating hex file...
".\bin\RTOSDemo.axf" - 0 Errors, 2 Warning(s).
Rebuild target 'RTOSDemo_THUMB'
assembling Startup.s...
compiling main.c...
compiling led.c...
compiling uart.c...
C:\Keil\ARM\Inc\Philips\lpc21xx.h(198): warning:  #47-D: incompatible redefinition of macro "S0SPCR" (declared at line 179 of "C:\Keil\ARM\Inc\Philips\LPC210X.H")
C:\Keil\ARM\Inc\Philips\lpc21xx.h(200): warning:  #47-D: incompatible redefinition of macro "S0SPDR" (declared at line 181 of "C:\Keil\ARM\Inc\Philips\LPC210X.H")
compiling string.c...
compiling keyboard.c...
compiling servo.c...
compiling timer_interrupts.c...
compiling watch.c...
compiling tasks.c...
compiling list.c...
compiling queue.c...
compiling port.c...
compiling heap_2.c...
assembling portASM.s...
linking...
Program Size: Code=10696 RO-data=44 RW-data=112 ZI-data=7992  
FromELF: creating hex file...
".\bin\RTOSDemo.axf" - 0 Errors, 2 Warning(s).
