<html>
<body>
<pre>
<h1>µVision Build Log</h1>
<h2>Project:</h2>
C:\Users\bolko\Desktop\FreeRTOSv202012.00\FreeRTOS\Demo\ARM7_LPC2129_Keil_RVDS\RTOSDemo.uvproj
Project File Date:  04/25/2021

<h2>Output:</h2>
Rebuild target 'RTOSDemo_THUMB'
assembling Startup.s...
compiling main.c...
compiling led.c...
compiling uart.c...
compiling string.c...
compiling keyboard.c...
compiling servo.c...
compiling timer_interrupts.c...
compiling tasks.c...
compiling list.c...
compiling queue.c...
compiling port.c...
compiling heap_2.c...
assembling portASM.s...
linking...
Program Size: Code=7640 RO-data=32 RW-data=96 ZI-data=8032  
FromELF: creating hex file...
".\bin\RTOSDemo.axf" - 0 Errors, 0 Warning(s).
Rebuild target 'RTOSDemo_THUMB'
assembling Startup.s...
compiling main.c...
compiling led.c...
compiling uart.c...
compiling string.c...
compiling keyboard.c...
compiling servo.c...
compiling timer_interrupts.c...
compiling tasks.c...
compiling list.c...
compiling queue.c...
compiling port.c...
compiling heap_2.c...
assembling portASM.s...
linking...
Program Size: Code=7640 RO-data=32 RW-data=96 ZI-data=8032  
FromELF: creating hex file...
".\bin\RTOSDemo.axf" - 0 Errors, 0 Warning(s).
Rebuild target 'RTOSDemo_THUMB'
assembling Startup.s...
compiling main.c...
compiling led.c...
compiling uart.c...
compiling string.c...
compiling keyboard.c...
compiling servo.c...
compiling timer_interrupts.c...
compiling tasks.c...
compiling list.c...
compiling queue.c...
compiling port.c...
compiling heap_2.c...
assembling portASM.s...
linking...
Program Size: Code=7636 RO-data=32 RW-data=96 ZI-data=8032  
FromELF: creating hex file...
".\bin\RTOSDemo.axf" - 0 Errors, 0 Warning(s).
Rebuild target 'RTOSDemo_THUMB'
assembling Startup.s...
compiling main.c...
compiling led.c...
compiling uart.c...
compiling string.c...
compiling keyboard.c...
compiling servo.c...
compiling timer_interrupts.c...
compiling tasks.c...
compiling list.c...
compiling queue.c...
compiling port.c...
compiling heap_2.c...
assembling portASM.s...
linking...
Program Size: Code=7644 RO-data=32 RW-data=96 ZI-data=8032  
FromELF: creating hex file...
".\bin\RTOSDemo.axf" - 0 Errors, 0 Warning(s).
Rebuild target 'RTOSDemo_THUMB'
assembling Startup.s...
compiling main.c...
compiling led.c...
compiling uart.c...
compiling string.c...
compiling keyboard.c...
compiling servo.c...
compiling timer_interrupts.c...
compiling tasks.c...
compiling list.c...
compiling queue.c...
compiling port.c...
compiling heap_2.c...
assembling portASM.s...
linking...
Program Size: Code=7644 RO-data=32 RW-data=100 ZI-data=8012  
FromELF: creating hex file...
".\bin\RTOSDemo.axf" - 0 Errors, 0 Warning(s).
Rebuild target 'RTOSDemo_THUMB'
assembling Startup.s...
compiling main.c...
compiling led.c...
compiling uart.c...
compiling string.c...
compiling keyboard.c...
compiling servo.c...
compiling timer_interrupts.c...
compiling tasks.c...
compiling list.c...
compiling queue.c...
compiling port.c...
compiling heap_2.c...
assembling portASM.s...
linking...
Program Size: Code=7644 RO-data=32 RW-data=100 ZI-data=8012  
FromELF: creating hex file...
".\bin\RTOSDemo.axf" - 0 Errors, 0 Warning(s).
Rebuild target 'RTOSDemo_THUMB'
assembling Startup.s...
compiling main.c...
compiling led.c...
compiling uart.c...
compiling string.c...
compiling keyboard.c...
compiling servo.c...
compiling timer_interrupts.c...
compiling tasks.c...
compiling list.c...
compiling queue.c...
compiling port.c...
compiling heap_2.c...
assembling portASM.s...
linking...
Program Size: Code=7644 RO-data=32 RW-data=100 ZI-data=8012  
FromELF: creating hex file...
".\bin\RTOSDemo.axf" - 0 Errors, 0 Warning(s).
Rebuild target 'RTOSDemo_THUMB'
assembling Startup.s...
compiling main.c...
main.c(8): error:  #94-D: the size of an array must be greater than zero
compiling led.c...
compiling uart.c...
uart.c(79): error:  #94-D: the size of an array must be greater than zero
uart.c(87): warning:  #186-D: pointless comparison of unsigned integer with zero
compiling string.c...
compiling keyboard.c...
compiling servo.c...
compiling timer_interrupts.c...
compiling tasks.c...
compiling list.c...
compiling queue.c...
compiling port.c...
compiling heap_2.c...
assembling portASM.s...
".\bin\RTOSDemo.axf" - 2 Errors, 1 Warning(s).
Target not created
Rebuild target 'RTOSDemo_THUMB'
assembling Startup.s...
compiling main.c...
compiling led.c...
compiling uart.c...
compiling string.c...
compiling keyboard.c...
compiling servo.c...
compiling timer_interrupts.c...
compiling tasks.c...
compiling list.c...
compiling queue.c...
compiling port.c...
compiling heap_2.c...
assembling portASM.s...
linking...
Program Size: Code=7644 RO-data=32 RW-data=100 ZI-data=8012  
FromELF: creating hex file...
".\bin\RTOSDemo.axf" - 0 Errors, 0 Warning(s).
Rebuild target 'RTOSDemo_THUMB'
assembling Startup.s...
compiling main.c...
main.c(11): warning:  #223-D: function "eReciever_GetStatus" declared implicitly
main.c(11): error:  #20: identifier "EMPTY" is undefined
main.c(12): warning:  #223-D: function "Reciever_GetStringCopy" declared implicitly
compiling led.c...
compiling uart.c...
compiling string.c...
compiling keyboard.c...
compiling servo.c...
compiling timer_interrupts.c...
compiling tasks.c...
compiling list.c...
compiling queue.c...
compiling port.c...
compiling heap_2.c...
assembling portASM.s...
".\bin\RTOSDemo.axf" - 1 Errors, 2 Warning(s).
Target not created
Rebuild target 'RTOSDemo_THUMB'
assembling Startup.s...
compiling main.c...
main.c(8): warning:  #177-D: variable "acBuffer" was declared but never referenced
compiling led.c...
compiling uart.c...
compiling string.c...
compiling keyboard.c...
compiling servo.c...
compiling timer_interrupts.c...
compiling tasks.c...
compiling list.c...
compiling queue.c...
compiling port.c...
compiling heap_2.c...
assembling portASM.s...
linking...
Program Size: Code=7516 RO-data=32 RW-data=96 ZI-data=8016  
FromELF: creating hex file...
".\bin\RTOSDemo.axf" - 0 Errors, 1 Warning(s).
Rebuild target 'RTOSDemo_THUMB'
assembling Startup.s...
compiling main.c...
compiling led.c...
compiling uart.c...
compiling string.c...
compiling keyboard.c...
compiling servo.c...
compiling timer_interrupts.c...
compiling tasks.c...
compiling list.c...
compiling queue.c...
compiling port.c...
compiling heap_2.c...
assembling portASM.s...
linking...
Program Size: Code=7516 RO-data=32 RW-data=96 ZI-data=8016  
FromELF: creating hex file...
".\bin\RTOSDemo.axf" - 0 Errors, 0 Warning(s).
Rebuild target 'RTOSDemo_THUMB'
assembling Startup.s...
compiling main.c...
compiling led.c...
compiling uart.c...
C:\Keil\ARM\Inc\Philips\lpc21xx.h(198): warning:  #47-D: incompatible redefinition of macro "S0SPCR" (declared at line 179 of "C:\Keil\ARM\Inc\Philips\LPC210X.H")
C:\Keil\ARM\Inc\Philips\lpc21xx.h(200): warning:  #47-D: incompatible redefinition of macro "S0SPDR" (declared at line 181 of "C:\Keil\ARM\Inc\Philips\LPC210X.H")
compiling string.c...
compiling keyboard.c...
compiling servo.c...
compiling timer_interrupts.c...
compiling tasks.c...
compiling list.c...
compiling queue.c...
compiling port.c...
compiling heap_2.c...
assembling portASM.s...
linking...
Program Size: Code=9900 RO-data=32 RW-data=100 ZI-data=8012  
FromELF: creating hex file...
".\bin\RTOSDemo.axf" - 0 Errors, 2 Warning(s).
Rebuild target 'RTOSDemo_THUMB'
assembling Startup.s...
compiling main.c...
compiling led.c...
compiling uart.c...
C:\Keil\ARM\Inc\Philips\lpc21xx.h(198): warning:  #47-D: incompatible redefinition of macro "S0SPCR" (declared at line 179 of "C:\Keil\ARM\Inc\Philips\LPC210X.H")
C:\Keil\ARM\Inc\Philips\lpc21xx.h(200): warning:  #47-D: incompatible redefinition of macro "S0SPDR" (declared at line 181 of "C:\Keil\ARM\Inc\Philips\LPC210X.H")
compiling string.c...
compiling keyboard.c...
compiling servo.c...
compiling timer_interrupts.c...
compiling tasks.c...
compiling list.c...
compiling queue.c...
compiling port.c...
compiling heap_2.c...
assembling portASM.s...
linking...
Program Size: Code=9900 RO-data=32 RW-data=100 ZI-data=8012  
FromELF: creating hex file...
".\bin\RTOSDemo.axf" - 0 Errors, 2 Warning(s).
Rebuild target 'RTOSDemo_THUMB'
assembling Startup.s...
compiling main.c...
compiling led.c...
compiling uart.c...
C:\Keil\ARM\Inc\Philips\lpc21xx.h(198): warning:  #47-D: incompatible redefinition of macro "S0SPCR" (declared at line 179 of "C:\Keil\ARM\Inc\Philips\LPC210X.H")
C:\Keil\ARM\Inc\Philips\lpc21xx.h(200): warning:  #47-D: incompatible redefinition of macro "S0SPDR" (declared at line 181 of "C:\Keil\ARM\Inc\Philips\LPC210X.H")
compiling string.c...
compiling keyboard.c...
compiling servo.c...
compiling timer_interrupts.c...
compiling tasks.c...
compiling list.c...
compiling queue.c...
compiling port.c...
compiling heap_2.c...
assembling portASM.s...
linking...
Program Size: Code=9900 RO-data=32 RW-data=100 ZI-data=8012  
FromELF: creating hex file...
".\bin\RTOSDemo.axf" - 0 Errors, 2 Warning(s).
Rebuild target 'RTOSDemo_THUMB'
assembling Startup.s...
compiling main.c...
compiling led.c...
compiling uart.c...
C:\Keil\ARM\Inc\Philips\LPC210X.H(179): warning:  #47-D: incompatible redefinition of macro "S0SPCR" (declared at line 198 of "C:\Keil\ARM\Inc\Philips\lpc21xx.h")
C:\Keil\ARM\Inc\Philips\LPC210X.H(181): warning:  #47-D: incompatible redefinition of macro "S0SPDR" (declared at line 200 of "C:\Keil\ARM\Inc\Philips\lpc21xx.h")
compiling string.c...
compiling keyboard.c...
compiling servo.c...
compiling timer_interrupts.c...
compiling tasks.c...
compiling list.c...
compiling queue.c...
compiling port.c...
compiling heap_2.c...
assembling portASM.s...
linking...
Program Size: Code=9900 RO-data=32 RW-data=100 ZI-data=8012  
FromELF: creating hex file...
".\bin\RTOSDemo.axf" - 0 Errors, 2 Warning(s).
Rebuild target 'RTOSDemo_THUMB'
assembling Startup.s...
compiling main.c...
compiling led.c...
compiling uart.c...
C:\Keil\ARM\Inc\Philips\LPC210X.H(179): warning:  #47-D: incompatible redefinition of macro "S0SPCR" (declared at line 198 of "C:\Keil\ARM\Inc\Philips\lpc21xx.h")
C:\Keil\ARM\Inc\Philips\LPC210X.H(181): warning:  #47-D: incompatible redefinition of macro "S0SPDR" (declared at line 200 of "C:\Keil\ARM\Inc\Philips\lpc21xx.h")
compiling string.c...
compiling keyboard.c...
compiling servo.c...
compiling timer_interrupts.c...
compiling tasks.c...
compiling list.c...
compiling queue.c...
compiling port.c...
compiling heap_2.c...
assembling portASM.s...
linking...
Program Size: Code=9900 RO-data=32 RW-data=100 ZI-data=8012  
FromELF: creating hex file...
".\bin\RTOSDemo.axf" - 0 Errors, 2 Warning(s).
Rebuild target 'RTOSDemo_THUMB'
assembling Startup.s...
compiling main.c...
compiling led.c...
compiling uart.c...
C:\Keil\ARM\Inc\Philips\LPC210X.H(179): warning:  #47-D: incompatible redefinition of macro "S0SPCR" (declared at line 198 of "C:\Keil\ARM\Inc\Philips\lpc21xx.h")
C:\Keil\ARM\Inc\Philips\LPC210X.H(181): warning:  #47-D: incompatible redefinition of macro "S0SPDR" (declared at line 200 of "C:\Keil\ARM\Inc\Philips\lpc21xx.h")
compiling string.c...
compiling keyboard.c...
compiling servo.c...
compiling timer_interrupts.c...
compiling tasks.c...
compiling list.c...
compiling queue.c...
compiling port.c...
compiling heap_2.c...
assembling portASM.s...
linking...
Program Size: Code=9896 RO-data=32 RW-data=104 ZI-data=8016  
FromELF: creating hex file...
".\bin\RTOSDemo.axf" - 0 Errors, 2 Warning(s).
Rebuild target 'RTOSDemo_THUMB'
assembling Startup.s...
compiling main.c...
compiling led.c...
compiling uart.c...
C:\Keil\ARM\Inc\Philips\lpc21xx.h(198): warning:  #47-D: incompatible redefinition of macro "S0SPCR" (declared at line 179 of "C:\Keil\ARM\Inc\Philips\LPC210X.H")
C:\Keil\ARM\Inc\Philips\lpc21xx.h(200): warning:  #47-D: incompatible redefinition of macro "S0SPDR" (declared at line 181 of "C:\Keil\ARM\Inc\Philips\LPC210X.H")
compiling string.c...
compiling keyboard.c...
compiling servo.c...
compiling timer_interrupts.c...
compiling tasks.c...
compiling list.c...
compiling queue.c...
compiling port.c...
compiling heap_2.c...
assembling portASM.s...
linking...
Program Size: Code=9896 RO-data=32 RW-data=104 ZI-data=8016  
FromELF: creating hex file...
".\bin\RTOSDemo.axf" - 0 Errors, 2 Warning(s).
Rebuild target 'RTOSDemo_THUMB'
assembling Startup.s...
compiling main.c...
compiling led.c...
compiling uart.c...
C:\Keil\ARM\Inc\Philips\lpc21xx.h(198): warning:  #47-D: incompatible redefinition of macro "S0SPCR" (declared at line 179 of "C:\Keil\ARM\Inc\Philips\LPC210X.H")
C:\Keil\ARM\Inc\Philips\lpc21xx.h(200): warning:  #47-D: incompatible redefinition of macro "S0SPDR" (declared at line 181 of "C:\Keil\ARM\Inc\Philips\LPC210X.H")
compiling string.c...
compiling keyboard.c...
compiling servo.c...
compiling timer_interrupts.c...
compiling tasks.c...
compiling list.c...
compiling queue.c...
compiling port.c...
compiling heap_2.c...
assembling portASM.s...
linking...
Program Size: Code=9896 RO-data=32 RW-data=104 ZI-data=8016  
FromELF: creating hex file...
".\bin\RTOSDemo.axf" - 0 Errors, 2 Warning(s).
Rebuild target 'RTOSDemo_THUMB'
assembling Startup.s...
compiling main.c...
compiling led.c...
compiling uart.c...
C:\Keil\ARM\Inc\Philips\lpc21xx.h(198): warning:  #47-D: incompatible redefinition of macro "S0SPCR" (declared at line 179 of "C:\Keil\ARM\Inc\Philips\LPC210X.H")
C:\Keil\ARM\Inc\Philips\lpc21xx.h(200): warning:  #47-D: incompatible redefinition of macro "S0SPDR" (declared at line 181 of "C:\Keil\ARM\Inc\Philips\LPC210X.H")
compiling string.c...
compiling keyboard.c...
compiling servo.c...
compiling timer_interrupts.c...
compiling tasks.c...
compiling list.c...
compiling queue.c...
compiling port.c...
compiling heap_2.c...
assembling portASM.s...
linking...
Program Size: Code=9900 RO-data=32 RW-data=104 ZI-data=8016  
FromELF: creating hex file...
".\bin\RTOSDemo.axf" - 0 Errors, 2 Warning(s).
Rebuild target 'RTOSDemo_THUMB'
assembling Startup.s...
compiling main.c...
compiling led.c...
compiling uart.c...
C:\Keil\ARM\Inc\Philips\lpc21xx.h(198): warning:  #47-D: incompatible redefinition of macro "S0SPCR" (declared at line 179 of "C:\Keil\ARM\Inc\Philips\LPC210X.H")
C:\Keil\ARM\Inc\Philips\lpc21xx.h(200): warning:  #47-D: incompatible redefinition of macro "S0SPDR" (declared at line 181 of "C:\Keil\ARM\Inc\Philips\LPC210X.H")
compiling string.c...
compiling keyboard.c...
compiling servo.c...
compiling timer_interrupts.c...
compiling tasks.c...
compiling list.c...
compiling queue.c...
compiling port.c...
compiling heap_2.c...
assembling portASM.s...
linking...
Program Size: Code=9908 RO-data=32 RW-data=100 ZI-data=8012  
FromELF: creating hex file...
".\bin\RTOSDemo.axf" - 0 Errors, 2 Warning(s).
Rebuild target 'RTOSDemo_THUMB'
assembling Startup.s...
compiling main.c...
compiling led.c...
compiling uart.c...
C:\Keil\ARM\Inc\Philips\lpc21xx.h(198): warning:  #47-D: incompatible redefinition of macro "S0SPCR" (declared at line 179 of "C:\Keil\ARM\Inc\Philips\LPC210X.H")
C:\Keil\ARM\Inc\Philips\lpc21xx.h(200): warning:  #47-D: incompatible redefinition of macro "S0SPDR" (declared at line 181 of "C:\Keil\ARM\Inc\Philips\LPC210X.H")
compiling string.c...
compiling keyboard.c...
compiling servo.c...
compiling timer_interrupts.c...
compiling tasks.c...
compiling list.c...
compiling queue.c...
compiling port.c...
compiling heap_2.c...
assembling portASM.s...
linking...
Program Size: Code=9908 RO-data=32 RW-data=100 ZI-data=8012  
FromELF: creating hex file...
".\bin\RTOSDemo.axf" - 0 Errors, 2 Warning(s).
Rebuild target 'RTOSDemo_THUMB'
assembling Startup.s...
compiling main.c...
compiling led.c...
compiling uart.c...
C:\Keil\ARM\Inc\Philips\lpc21xx.h(198): warning:  #47-D: incompatible redefinition of macro "S0SPCR" (declared at line 179 of "C:\Keil\ARM\Inc\Philips\LPC210X.H")
C:\Keil\ARM\Inc\Philips\lpc21xx.h(200): warning:  #47-D: incompatible redefinition of macro "S0SPDR" (declared at line 181 of "C:\Keil\ARM\Inc\Philips\LPC210X.H")
compiling string.c...
compiling keyboard.c...
compiling servo.c...
compiling timer_interrupts.c...
compiling tasks.c...
compiling list.c...
compiling queue.c...
compiling port.c...
compiling heap_2.c...
assembling portASM.s...
linking...
Program Size: Code=9908 RO-data=32 RW-data=100 ZI-data=8012  
FromELF: creating hex file...
".\bin\RTOSDemo.axf" - 0 Errors, 2 Warning(s).
Rebuild target 'RTOSDemo_THUMB'
assembling Startup.s...
compiling main.c...
compiling led.c...
compiling uart.c...
C:\Keil\ARM\Inc\Philips\lpc21xx.h(198): warning:  #47-D: incompatible redefinition of macro "S0SPCR" (declared at line 179 of "C:\Keil\ARM\Inc\Philips\LPC210X.H")
C:\Keil\ARM\Inc\Philips\lpc21xx.h(200): warning:  #47-D: incompatible redefinition of macro "S0SPDR" (declared at line 181 of "C:\Keil\ARM\Inc\Philips\LPC210X.H")
compiling string.c...
compiling keyboard.c...
compiling servo.c...
compiling timer_interrupts.c...
compiling tasks.c...
compiling list.c...
compiling queue.c...
compiling port.c...
compiling heap_2.c...
assembling portASM.s...
linking...
.\bin\RTOSDemo.axf: Error: L6218E: Undefined symbol Uart_GetString (referred from main.o).
".\bin\RTOSDemo.axf" - 1 Errors, 2 Warning(s).
Target not created
Rebuild target 'RTOSDemo_THUMB'
assembling Startup.s...
compiling main.c...
compiling led.c...
compiling uart.c...
C:\Keil\ARM\Inc\Philips\lpc21xx.h(198): warning:  #47-D: incompatible redefinition of macro "S0SPCR" (declared at line 179 of "C:\Keil\ARM\Inc\Philips\LPC210X.H")
C:\Keil\ARM\Inc\Philips\lpc21xx.h(200): warning:  #47-D: incompatible redefinition of macro "S0SPDR" (declared at line 181 of "C:\Keil\ARM\Inc\Philips\LPC210X.H")
compiling string.c...
compiling keyboard.c...
compiling servo.c...
compiling timer_interrupts.c...
compiling tasks.c...
compiling list.c...
compiling queue.c...
compiling port.c...
compiling heap_2.c...
assembling portASM.s...
linking...
Program Size: Code=10000 RO-data=32 RW-data=100 ZI-data=8012  
FromELF: creating hex file...
".\bin\RTOSDemo.axf" - 0 Errors, 2 Warning(s).
Rebuild target 'RTOSDemo_THUMB'
assembling Startup.s...
compiling main.c...
compiling led.c...
compiling uart.c...
C:\Keil\ARM\Inc\Philips\lpc21xx.h(198): warning:  #47-D: incompatible redefinition of macro "S0SPCR" (declared at line 179 of "C:\Keil\ARM\Inc\Philips\LPC210X.H")
C:\Keil\ARM\Inc\Philips\lpc21xx.h(200): warning:  #47-D: incompatible redefinition of macro "S0SPDR" (declared at line 181 of "C:\Keil\ARM\Inc\Philips\LPC210X.H")
compiling string.c...
compiling keyboard.c...
compiling servo.c...
compiling timer_interrupts.c...
compiling tasks.c...
compiling list.c...
compiling queue.c...
compiling port.c...
compiling heap_2.c...
assembling portASM.s...
linking...
Program Size: Code=9996 RO-data=32 RW-data=100 ZI-data=8012  
FromELF: creating hex file...
".\bin\RTOSDemo.axf" - 0 Errors, 2 Warning(s).
Rebuild target 'RTOSDemo_THUMB'
assembling Startup.s...
compiling main.c...
compiling led.c...
compiling uart.c...
C:\Keil\ARM\Inc\Philips\lpc21xx.h(198): warning:  #47-D: incompatible redefinition of macro "S0SPCR" (declared at line 179 of "C:\Keil\ARM\Inc\Philips\LPC210X.H")
C:\Keil\ARM\Inc\Philips\lpc21xx.h(200): warning:  #47-D: incompatible redefinition of macro "S0SPDR" (declared at line 181 of "C:\Keil\ARM\Inc\Philips\LPC210X.H")
compiling string.c...
compiling keyboard.c...
compiling servo.c...
compiling timer_interrupts.c...
compiling tasks.c...
compiling list.c...
compiling queue.c...
compiling port.c...
compiling heap_2.c...
assembling portASM.s...
linking...
Program Size: Code=10052 RO-data=56 RW-data=100 ZI-data=8012  
FromELF: creating hex file...
".\bin\RTOSDemo.axf" - 0 Errors, 2 Warning(s).
Rebuild target 'RTOSDemo_THUMB'
assembling Startup.s...
compiling main.c...
compiling led.c...
compiling uart.c...
C:\Keil\ARM\Inc\Philips\lpc21xx.h(198): warning:  #47-D: incompatible redefinition of macro "S0SPCR" (declared at line 179 of "C:\Keil\ARM\Inc\Philips\LPC210X.H")
C:\Keil\ARM\Inc\Philips\lpc21xx.h(200): warning:  #47-D: incompatible redefinition of macro "S0SPDR" (declared at line 181 of "C:\Keil\ARM\Inc\Philips\LPC210X.H")
compiling string.c...
compiling keyboard.c...
compiling servo.c...
compiling timer_interrupts.c...
compiling tasks.c...
compiling list.c...
compiling queue.c...
compiling port.c...
compiling heap_2.c...
assembling portASM.s...
linking...
Program Size: Code=10052 RO-data=56 RW-data=100 ZI-data=8012  
FromELF: creating hex file...
".\bin\RTOSDemo.axf" - 0 Errors, 2 Warning(s).
