<html>
<body>
<pre>
<h1>µVision Build Log</h1>
<h2>Project:</h2>
C:\Users\bolko\Desktop\FreeRTOSv202012.00\FreeRTOS\Demo\ARM7_LPC2129_Keil_RVDS\RTOSDemo.uvproj
Project File Date:  04/12/2021

<h2>Output:</h2>
Rebuild target 'RTOSDemo_THUMB'
assembling Startup.s...
compiling main.c...
compiling led.c...
compiling uart.c...
compiling string.c...
compiling keyboard.c...
compiling servo.c...
compiling timer_interrupts.c...
compiling tasks.c...
compiling list.c...
compiling queue.c...
compiling port.c...
compiling heap_2.c...
assembling portASM.s...
linking...
Program Size: Code=6504 RO-data=32 RW-data=100 ZI-data=7988  
FromELF: creating hex file...
".\bin\RTOSDemo.axf" - 0 Errors, 0 Warning(s).
Rebuild target 'RTOSDemo_THUMB'
assembling Startup.s...
compiling main.c...
compiling led.c...
compiling uart.c...
compiling string.c...
compiling keyboard.c...
compiling servo.c...
compiling timer_interrupts.c...
compiling tasks.c...
compiling list.c...
compiling queue.c...
compiling port.c...
compiling heap_2.c...
assembling portASM.s...
linking...
Program Size: Code=6508 RO-data=32 RW-data=100 ZI-data=7988  
FromELF: creating hex file...
".\bin\RTOSDemo.axf" - 0 Errors, 0 Warning(s).
Rebuild target 'RTOSDemo_THUMB'
assembling Startup.s...
compiling main.c...
compiling led.c...
compiling uart.c...
compiling string.c...
compiling keyboard.c...
compiling servo.c...
compiling timer_interrupts.c...
compiling tasks.c...
compiling list.c...
compiling queue.c...
compiling port.c...
compiling heap_2.c...
assembling portASM.s...
linking...
Program Size: Code=6508 RO-data=32 RW-data=100 ZI-data=7988  
FromELF: creating hex file...
".\bin\RTOSDemo.axf" - 0 Errors, 0 Warning(s).
Rebuild target 'RTOSDemo_THUMB'
assembling Startup.s...
compiling main.c...
compiling led.c...
compiling uart.c...
compiling string.c...
compiling keyboard.c...
compiling servo.c...
compiling timer_interrupts.c...
..\..\Source\include\semphr.h(31): error:  #35: #error directive: "include FreeRTOS.h" must appear in source files before "include semphr.h"
compiling tasks.c...
compiling list.c...
compiling queue.c...
compiling port.c...
compiling heap_2.c...
assembling portASM.s...
".\bin\RTOSDemo.axf" - 1 Errors, 0 Warning(s).
Target not created
Rebuild target 'RTOSDemo_THUMB'
assembling Startup.s...
compiling main.c...
compiling led.c...
compiling uart.c...
compiling string.c...
compiling keyboard.c...
compiling servo.c...
compiling timer_interrupts.c...
timer_interrupts.c(30): error:  #20: identifier "pcSemaphore" is undefined
timer_interrupts.c(35): error:  #20: identifier "pxSemaphore" is undefined
compiling tasks.c...
compiling list.c...
compiling queue.c...
compiling port.c...
compiling heap_2.c...
assembling portASM.s...
".\bin\RTOSDemo.axf" - 2 Errors, 0 Warning(s).
Target not created
Rebuild target 'RTOSDemo_THUMB'
assembling Startup.s...
compiling main.c...
compiling led.c...
compiling uart.c...
compiling string.c...
compiling keyboard.c...
compiling servo.c...
compiling timer_interrupts.c...
compiling tasks.c...
compiling list.c...
compiling queue.c...
compiling port.c...
compiling heap_2.c...
assembling portASM.s...
linking...
Program Size: Code=8876 RO-data=32 RW-data=104 ZI-data=7992  
FromELF: creating hex file...
".\bin\RTOSDemo.axf" - 0 Errors, 0 Warning(s).
Rebuild target 'RTOSDemo_THUMB'
assembling Startup.s...
compiling main.c...
compiling led.c...
compiling uart.c...
compiling string.c...
compiling keyboard.c...
compiling servo.c...
compiling timer_interrupts.c...
compiling tasks.c...
compiling list.c...
compiling queue.c...
compiling port.c...
compiling heap_2.c...
assembling portASM.s...
linking...
Program Size: Code=8876 RO-data=32 RW-data=104 ZI-data=7992  
FromELF: creating hex file...
".\bin\RTOSDemo.axf" - 0 Errors, 0 Warning(s).
Rebuild target 'RTOSDemo_THUMB'
assembling Startup.s...
compiling main.c...
compiling led.c...
compiling uart.c...
compiling string.c...
compiling keyboard.c...
compiling servo.c...
compiling timer_interrupts.c...
compiling tasks.c...
compiling list.c...
compiling queue.c...
compiling port.c...
compiling heap_2.c...
assembling portASM.s...
linking...
Program Size: Code=8876 RO-data=32 RW-data=104 ZI-data=7992  
FromELF: creating hex file...
".\bin\RTOSDemo.axf" - 0 Errors, 0 Warning(s).
Rebuild target 'RTOSDemo_THUMB'
assembling Startup.s...
compiling main.c...
compiling led.c...
compiling uart.c...
compiling string.c...
compiling keyboard.c...
compiling servo.c...
compiling timer_interrupts.c...
compiling tasks.c...
compiling list.c...
compiling queue.c...
compiling port.c...
compiling heap_2.c...
assembling portASM.s...
linking...
Program Size: Code=8872 RO-data=32 RW-data=104 ZI-data=7992  
FromELF: creating hex file...
".\bin\RTOSDemo.axf" - 0 Errors, 0 Warning(s).
